cscope 15 $HOME/test -q 0000000007 0000000288
	@a.c

1 
	~"a.h
"

2 
	~"b.h
"

4 
	$a1
() {

6 
	}
}

8 
	$a2
() {

11 
	}
}

13 
	$maš
()

16 
	}
}

	@a.h

3 
a1
();

4 
a2
();

	@b.c

1 
	~"b.h
"

3 
	$b1
() {

5 
	}
}

7 
	$b2
()

10 
	}
}

	@b.h

1 
b1
();

3 
b2
();

	@
1
.
0
4
16
a.c
a.h
b.c
b.h
