cscope 15 $HOME/test/c -q 0000000003 0000000141
	@c.c

1 
	~"c.h
"

3 
	$c1
(è{
	}
}

5 
	$c2
(è{
	}
}

	@c.h

1 
c1
();

3 
c2
();

	@
1
.
0
2
8
c.c
c.h
